Simulator report for PiloteBarreFranche
Tue Sep 15 11:32:54 2020
Quartus II Version 9.0 Build 235 06/17/2009 Service Pack 2 SJ Web Edition


---------------------
; Table of Contents ;
---------------------
  1. Legal Notice
  2. Simulator Summary
  3. Simulator Settings
  4. Simulation Waveforms
  5. Coverage Summary
  6. Complete 1/0-Value Coverage
  7. Missing 1-Value Coverage
  8. Missing 0-Value Coverage
  9. Simulator INI Usage
 10. Simulator Messages



----------------
; Legal Notice ;
----------------
Copyright (C) 1991-2009 Altera Corporation
Your use of Altera Corporation's design tools, logic functions 
and other software and tools, and its AMPP partner logic 
functions, and any output files from any of the foregoing 
(including device programming or simulation files), and any 
associated documentation or information are expressly subject 
to the terms and conditions of the Altera Program License 
Subscription Agreement, Altera MegaCore Function License 
Agreement, or other applicable license agreement, including, 
without limitation, that your use is for the sole purpose of 
programming logic devices manufactured by Altera and sold by 
Altera or its authorized distributors.  Please refer to the 
applicable agreement for further details.



+--------------------------------------------+
; Simulator Summary                          ;
+-----------------------------+--------------+
; Type                        ; Value        ;
+-----------------------------+--------------+
; Simulation Start Time       ; 0 ps         ;
; Simulation End Time         ; 1.0 ms       ;
; Simulation Netlist Size     ; 287 nodes    ;
; Simulation Coverage         ;      70.24 % ;
; Total Number of Transitions ; 2413687      ;
; Simulation Breakpoints      ; 0            ;
; Family                      ; Cyclone II   ;
; Device                      ; EP2C35F672C6 ;
+-----------------------------+--------------+


+-------------------------------------------------------------------------------------------------------------------------+
; Simulator Settings                                                                                                      ;
+--------------------------------------------------------------------------------------------+------------+---------------+
; Option                                                                                     ; Setting    ; Default Value ;
+--------------------------------------------------------------------------------------------+------------+---------------+
; Simulation mode                                                                            ; Timing     ; Timing        ;
; Start time                                                                                 ; 0 ns       ; 0 ns          ;
; Simulation results format                                                                  ; CVWF       ;               ;
; Add pins automatically to simulation output waveforms                                      ; On         ; On            ;
; Check outputs                                                                              ; Off        ; Off           ;
; Report simulation coverage                                                                 ; On         ; On            ;
; Display complete 1/0 value coverage report                                                 ; On         ; On            ;
; Display missing 1-value coverage report                                                    ; On         ; On            ;
; Display missing 0-value coverage report                                                    ; On         ; On            ;
; Detect setup and hold time violations                                                      ; Off        ; Off           ;
; Detect glitches                                                                            ; Off        ; Off           ;
; Disable timing delays in Timing Simulation                                                 ; Off        ; Off           ;
; Generate Signal Activity File                                                              ; Off        ; Off           ;
; Generate VCD File for PowerPlay Power Analyzer                                             ; Off        ; Off           ;
; Group bus channels in simulation results                                                   ; Off        ; Off           ;
; Preserve fewer signal transitions to reduce memory requirements                            ; On         ; On            ;
; Trigger vector comparison with the specified mode                                          ; INPUT_EDGE ; INPUT_EDGE    ;
; Disable setup and hold time violations detection in input registers of bi-directional pins ; Off        ; Off           ;
; Overwrite Waveform Inputs With Simulation Outputs                                          ; On         ;               ;
; Perform Glitch Filtering in Timing Simulation                                              ; Auto       ; Auto          ;
+--------------------------------------------------------------------------------------------+------------+---------------+


+----------------------+
; Simulation Waveforms ;
+----------------------+
Waveform report data cannot be output to ASCII.
Please use Quartus II to view the waveform report data.


+--------------------------------------------------------------------+
; Coverage Summary                                                   ;
+-----------------------------------------------------+--------------+
; Type                                                ; Value        ;
+-----------------------------------------------------+--------------+
; Total coverage as a percentage                      ;      70.24 % ;
; Total nodes checked                                 ; 287          ;
; Total output ports checked                          ; 336          ;
; Total output ports with complete 1/0-value coverage ; 236          ;
; Total output ports with no 1/0-value coverage       ; 91           ;
; Total output ports with no 1-value coverage         ; 91           ;
; Total output ports with no 0-value coverage         ; 100          ;
+-----------------------------------------------------+--------------+


The following table displays output ports that toggle between 1 and 0 during simulation.
+------------------------------------------------------------------------------------------------------------------------------------------------------------------+
; Complete 1/0-Value Coverage                                                                                                                                      ;
+-----------------------------------------------------------------------+-----------------------------------------------------------------------+------------------+
; Node Name                                                             ; Output Port Name                                                      ; Output Port Type ;
+-----------------------------------------------------------------------+-----------------------------------------------------------------------+------------------+
; |PiloteBarreFranche|gestion_anemo:vitesse_vent|valeur_calcule[0]      ; |PiloteBarreFranche|gestion_anemo:vitesse_vent|valeur_calcule[0]      ; regout           ;
; |PiloteBarreFranche|gestion_anemo:vitesse_vent|valeur_calcule[3]      ; |PiloteBarreFranche|gestion_anemo:vitesse_vent|valeur_calcule[3]      ; regout           ;
; |PiloteBarreFranche|gestion_anemo:vitesse_vent|LessThan0~1            ; |PiloteBarreFranche|gestion_anemo:vitesse_vent|LessThan0~1            ; cout             ;
; |PiloteBarreFranche|gestion_anemo:vitesse_vent|LessThan0~3            ; |PiloteBarreFranche|gestion_anemo:vitesse_vent|LessThan0~3            ; cout             ;
; |PiloteBarreFranche|gestion_anemo:vitesse_vent|LessThan0~5            ; |PiloteBarreFranche|gestion_anemo:vitesse_vent|LessThan0~5            ; cout             ;
; |PiloteBarreFranche|gestion_anemo:vitesse_vent|LessThan0~7            ; |PiloteBarreFranche|gestion_anemo:vitesse_vent|LessThan0~7            ; cout             ;
; |PiloteBarreFranche|gestion_anemo:vitesse_vent|LessThan0~9            ; |PiloteBarreFranche|gestion_anemo:vitesse_vent|LessThan0~9            ; cout             ;
; |PiloteBarreFranche|gestion_anemo:vitesse_vent|LessThan0~11           ; |PiloteBarreFranche|gestion_anemo:vitesse_vent|LessThan0~11           ; cout             ;
; |PiloteBarreFranche|gestion_anemo:vitesse_vent|LessThan0~13           ; |PiloteBarreFranche|gestion_anemo:vitesse_vent|LessThan0~13           ; cout             ;
; |PiloteBarreFranche|gestion_anemo:vitesse_vent|LessThan0~15           ; |PiloteBarreFranche|gestion_anemo:vitesse_vent|LessThan0~15           ; cout             ;
; |PiloteBarreFranche|gestion_anemo:vitesse_vent|LessThan0~17           ; |PiloteBarreFranche|gestion_anemo:vitesse_vent|LessThan0~17           ; cout             ;
; |PiloteBarreFranche|gestion_anemo:vitesse_vent|LessThan0~19           ; |PiloteBarreFranche|gestion_anemo:vitesse_vent|LessThan0~19           ; cout             ;
; |PiloteBarreFranche|gestion_anemo:vitesse_vent|LessThan0~21           ; |PiloteBarreFranche|gestion_anemo:vitesse_vent|LessThan0~21           ; cout             ;
; |PiloteBarreFranche|gestion_anemo:vitesse_vent|LessThan0~23           ; |PiloteBarreFranche|gestion_anemo:vitesse_vent|LessThan0~23           ; cout             ;
; |PiloteBarreFranche|gestion_anemo:vitesse_vent|LessThan0~25           ; |PiloteBarreFranche|gestion_anemo:vitesse_vent|LessThan0~25           ; cout             ;
; |PiloteBarreFranche|gestion_anemo:vitesse_vent|LessThan0~27           ; |PiloteBarreFranche|gestion_anemo:vitesse_vent|LessThan0~27           ; cout             ;
; |PiloteBarreFranche|gestion_anemo:vitesse_vent|LessThan0~29           ; |PiloteBarreFranche|gestion_anemo:vitesse_vent|LessThan0~29           ; cout             ;
; |PiloteBarreFranche|gestion_anemo:vitesse_vent|LessThan0~31           ; |PiloteBarreFranche|gestion_anemo:vitesse_vent|LessThan0~31           ; cout             ;
; |PiloteBarreFranche|gestion_anemo:vitesse_vent|LessThan0~33           ; |PiloteBarreFranche|gestion_anemo:vitesse_vent|LessThan0~33           ; cout             ;
; |PiloteBarreFranche|gestion_anemo:vitesse_vent|LessThan0~35           ; |PiloteBarreFranche|gestion_anemo:vitesse_vent|LessThan0~35           ; cout             ;
; |PiloteBarreFranche|gestion_anemo:vitesse_vent|LessThan0~37           ; |PiloteBarreFranche|gestion_anemo:vitesse_vent|LessThan0~37           ; cout             ;
; |PiloteBarreFranche|gestion_anemo:vitesse_vent|LessThan0~39           ; |PiloteBarreFranche|gestion_anemo:vitesse_vent|LessThan0~39           ; cout             ;
; |PiloteBarreFranche|gestion_anemo:vitesse_vent|LessThan0~41           ; |PiloteBarreFranche|gestion_anemo:vitesse_vent|LessThan0~41           ; cout             ;
; |PiloteBarreFranche|gestion_anemo:vitesse_vent|LessThan0~43           ; |PiloteBarreFranche|gestion_anemo:vitesse_vent|LessThan0~43           ; cout             ;
; |PiloteBarreFranche|gestion_anemo:vitesse_vent|LessThan0~45           ; |PiloteBarreFranche|gestion_anemo:vitesse_vent|LessThan0~45           ; cout             ;
; |PiloteBarreFranche|gestion_anemo:vitesse_vent|LessThan0~47           ; |PiloteBarreFranche|gestion_anemo:vitesse_vent|LessThan0~47           ; cout             ;
; |PiloteBarreFranche|gestion_anemo:vitesse_vent|LessThan0~49           ; |PiloteBarreFranche|gestion_anemo:vitesse_vent|LessThan0~49           ; cout             ;
; |PiloteBarreFranche|gestion_anemo:vitesse_vent|LessThan0~50           ; |PiloteBarreFranche|gestion_anemo:vitesse_vent|LessThan0~50           ; combout          ;
; |PiloteBarreFranche|gestion_anemo:vitesse_vent|valeur_calcule[0]~78   ; |PiloteBarreFranche|gestion_anemo:vitesse_vent|valeur_calcule[0]~78   ; combout          ;
; |PiloteBarreFranche|gestion_anemo:vitesse_vent|valeur_calcule[0]~78   ; |PiloteBarreFranche|gestion_anemo:vitesse_vent|valeur_calcule[0]~79   ; cout             ;
; |PiloteBarreFranche|gestion_anemo:vitesse_vent|LessThan1~1            ; |PiloteBarreFranche|gestion_anemo:vitesse_vent|LessThan1~1            ; cout             ;
; |PiloteBarreFranche|gestion_anemo:vitesse_vent|LessThan1~3            ; |PiloteBarreFranche|gestion_anemo:vitesse_vent|LessThan1~3            ; cout             ;
; |PiloteBarreFranche|gestion_anemo:vitesse_vent|LessThan1~5            ; |PiloteBarreFranche|gestion_anemo:vitesse_vent|LessThan1~5            ; cout             ;
; |PiloteBarreFranche|gestion_anemo:vitesse_vent|LessThan1~7            ; |PiloteBarreFranche|gestion_anemo:vitesse_vent|LessThan1~7            ; cout             ;
; |PiloteBarreFranche|gestion_anemo:vitesse_vent|LessThan1~9            ; |PiloteBarreFranche|gestion_anemo:vitesse_vent|LessThan1~9            ; cout             ;
; |PiloteBarreFranche|gestion_anemo:vitesse_vent|LessThan1~11           ; |PiloteBarreFranche|gestion_anemo:vitesse_vent|LessThan1~11           ; cout             ;
; |PiloteBarreFranche|gestion_anemo:vitesse_vent|LessThan1~13           ; |PiloteBarreFranche|gestion_anemo:vitesse_vent|LessThan1~13           ; cout             ;
; |PiloteBarreFranche|gestion_anemo:vitesse_vent|LessThan1~15           ; |PiloteBarreFranche|gestion_anemo:vitesse_vent|LessThan1~15           ; cout             ;
; |PiloteBarreFranche|gestion_anemo:vitesse_vent|LessThan1~17           ; |PiloteBarreFranche|gestion_anemo:vitesse_vent|LessThan1~17           ; cout             ;
; |PiloteBarreFranche|gestion_anemo:vitesse_vent|LessThan1~19           ; |PiloteBarreFranche|gestion_anemo:vitesse_vent|LessThan1~19           ; cout             ;
; |PiloteBarreFranche|gestion_anemo:vitesse_vent|LessThan1~21           ; |PiloteBarreFranche|gestion_anemo:vitesse_vent|LessThan1~21           ; cout             ;
; |PiloteBarreFranche|gestion_anemo:vitesse_vent|LessThan1~23           ; |PiloteBarreFranche|gestion_anemo:vitesse_vent|LessThan1~23           ; cout             ;
; |PiloteBarreFranche|gestion_anemo:vitesse_vent|LessThan1~25           ; |PiloteBarreFranche|gestion_anemo:vitesse_vent|LessThan1~25           ; cout             ;
; |PiloteBarreFranche|gestion_anemo:vitesse_vent|LessThan1~27           ; |PiloteBarreFranche|gestion_anemo:vitesse_vent|LessThan1~27           ; cout             ;
; |PiloteBarreFranche|gestion_anemo:vitesse_vent|LessThan1~29           ; |PiloteBarreFranche|gestion_anemo:vitesse_vent|LessThan1~29           ; cout             ;
; |PiloteBarreFranche|gestion_anemo:vitesse_vent|LessThan1~31           ; |PiloteBarreFranche|gestion_anemo:vitesse_vent|LessThan1~31           ; cout             ;
; |PiloteBarreFranche|gestion_anemo:vitesse_vent|LessThan1~33           ; |PiloteBarreFranche|gestion_anemo:vitesse_vent|LessThan1~33           ; cout             ;
; |PiloteBarreFranche|gestion_anemo:vitesse_vent|LessThan1~35           ; |PiloteBarreFranche|gestion_anemo:vitesse_vent|LessThan1~35           ; cout             ;
; |PiloteBarreFranche|gestion_anemo:vitesse_vent|LessThan1~37           ; |PiloteBarreFranche|gestion_anemo:vitesse_vent|LessThan1~37           ; cout             ;
; |PiloteBarreFranche|gestion_anemo:vitesse_vent|LessThan1~39           ; |PiloteBarreFranche|gestion_anemo:vitesse_vent|LessThan1~39           ; cout             ;
; |PiloteBarreFranche|gestion_anemo:vitesse_vent|LessThan1~41           ; |PiloteBarreFranche|gestion_anemo:vitesse_vent|LessThan1~41           ; cout             ;
; |PiloteBarreFranche|gestion_anemo:vitesse_vent|LessThan1~43           ; |PiloteBarreFranche|gestion_anemo:vitesse_vent|LessThan1~43           ; cout             ;
; |PiloteBarreFranche|gestion_anemo:vitesse_vent|LessThan1~45           ; |PiloteBarreFranche|gestion_anemo:vitesse_vent|LessThan1~45           ; cout             ;
; |PiloteBarreFranche|gestion_anemo:vitesse_vent|LessThan1~47           ; |PiloteBarreFranche|gestion_anemo:vitesse_vent|LessThan1~47           ; cout             ;
; |PiloteBarreFranche|gestion_anemo:vitesse_vent|LessThan1~49           ; |PiloteBarreFranche|gestion_anemo:vitesse_vent|LessThan1~49           ; cout             ;
; |PiloteBarreFranche|gestion_anemo:vitesse_vent|LessThan1~50           ; |PiloteBarreFranche|gestion_anemo:vitesse_vent|LessThan1~50           ; combout          ;
; |PiloteBarreFranche|gestion_anemo:vitesse_vent|valeur_calcule[1]~81   ; |PiloteBarreFranche|gestion_anemo:vitesse_vent|valeur_calcule[1]~81   ; combout          ;
; |PiloteBarreFranche|gestion_anemo:vitesse_vent|valeur_calcule[1]~81   ; |PiloteBarreFranche|gestion_anemo:vitesse_vent|valeur_calcule[1]~82   ; cout             ;
; |PiloteBarreFranche|gestion_anemo:vitesse_vent|valeur_calcule[2]~83   ; |PiloteBarreFranche|gestion_anemo:vitesse_vent|valeur_calcule[2]~83   ; combout          ;
; |PiloteBarreFranche|gestion_anemo:vitesse_vent|valeur_calcule[2]~83   ; |PiloteBarreFranche|gestion_anemo:vitesse_vent|valeur_calcule[2]~84   ; cout             ;
; |PiloteBarreFranche|gestion_anemo:vitesse_vent|valeur_calcule[3]~85   ; |PiloteBarreFranche|gestion_anemo:vitesse_vent|valeur_calcule[3]~85   ; combout          ;
; |PiloteBarreFranche|gestion_anemo:vitesse_vent|valeur_calcule[3]~85   ; |PiloteBarreFranche|gestion_anemo:vitesse_vent|valeur_calcule[3]~86   ; cout             ;
; |PiloteBarreFranche|gestion_anemo:vitesse_vent|valeur_calcule[4]~87   ; |PiloteBarreFranche|gestion_anemo:vitesse_vent|valeur_calcule[4]~87   ; combout          ;
; |PiloteBarreFranche|gestion_anemo:vitesse_vent|valeur_calcule[4]~87   ; |PiloteBarreFranche|gestion_anemo:vitesse_vent|valeur_calcule[4]~88   ; cout             ;
; |PiloteBarreFranche|gestion_anemo:vitesse_vent|valeur_calcule[5]~89   ; |PiloteBarreFranche|gestion_anemo:vitesse_vent|valeur_calcule[5]~89   ; combout          ;
; |PiloteBarreFranche|gestion_anemo:vitesse_vent|valeur_calcule[5]~89   ; |PiloteBarreFranche|gestion_anemo:vitesse_vent|valeur_calcule[5]~90   ; cout             ;
; |PiloteBarreFranche|gestion_anemo:vitesse_vent|valeur_calcule[6]~91   ; |PiloteBarreFranche|gestion_anemo:vitesse_vent|valeur_calcule[6]~91   ; combout          ;
; |PiloteBarreFranche|gestion_anemo:vitesse_vent|valeur_calcule[6]~91   ; |PiloteBarreFranche|gestion_anemo:vitesse_vent|valeur_calcule[6]~92   ; cout             ;
; |PiloteBarreFranche|gestion_anemo:vitesse_vent|valeur_calcule[7]~93   ; |PiloteBarreFranche|gestion_anemo:vitesse_vent|valeur_calcule[7]~93   ; combout          ;
; |PiloteBarreFranche|gestion_anemo:vitesse_vent|valeur_calcule[7]~93   ; |PiloteBarreFranche|gestion_anemo:vitesse_vent|valeur_calcule[7]~94   ; cout             ;
; |PiloteBarreFranche|gestion_anemo:vitesse_vent|valeur_calcule[8]~95   ; |PiloteBarreFranche|gestion_anemo:vitesse_vent|valeur_calcule[8]~95   ; combout          ;
; |PiloteBarreFranche|gestion_anemo:vitesse_vent|valeur_calcule[8]~95   ; |PiloteBarreFranche|gestion_anemo:vitesse_vent|valeur_calcule[8]~96   ; cout             ;
; |PiloteBarreFranche|gestion_anemo:vitesse_vent|valeur_calcule[9]~97   ; |PiloteBarreFranche|gestion_anemo:vitesse_vent|valeur_calcule[9]~97   ; combout          ;
; |PiloteBarreFranche|gestion_anemo:vitesse_vent|valeur_calcule[9]~97   ; |PiloteBarreFranche|gestion_anemo:vitesse_vent|valeur_calcule[9]~98   ; cout             ;
; |PiloteBarreFranche|gestion_anemo:vitesse_vent|valeur_calcule[10]~99  ; |PiloteBarreFranche|gestion_anemo:vitesse_vent|valeur_calcule[10]~99  ; combout          ;
; |PiloteBarreFranche|gestion_anemo:vitesse_vent|valeur_calcule[10]~99  ; |PiloteBarreFranche|gestion_anemo:vitesse_vent|valeur_calcule[10]~100 ; cout             ;
; |PiloteBarreFranche|gestion_anemo:vitesse_vent|valeur_calcule[11]~101 ; |PiloteBarreFranche|gestion_anemo:vitesse_vent|valeur_calcule[11]~101 ; combout          ;
; |PiloteBarreFranche|gestion_anemo:vitesse_vent|valeur_calcule[11]~101 ; |PiloteBarreFranche|gestion_anemo:vitesse_vent|valeur_calcule[11]~102 ; cout             ;
; |PiloteBarreFranche|gestion_anemo:vitesse_vent|valeur_calcule[12]~103 ; |PiloteBarreFranche|gestion_anemo:vitesse_vent|valeur_calcule[12]~103 ; combout          ;
; |PiloteBarreFranche|gestion_anemo:vitesse_vent|valeur_calcule[12]~103 ; |PiloteBarreFranche|gestion_anemo:vitesse_vent|valeur_calcule[12]~104 ; cout             ;
; |PiloteBarreFranche|gestion_anemo:vitesse_vent|valeur_calcule[13]~105 ; |PiloteBarreFranche|gestion_anemo:vitesse_vent|valeur_calcule[13]~105 ; combout          ;
; |PiloteBarreFranche|gestion_anemo:vitesse_vent|valeur_calcule[13]~105 ; |PiloteBarreFranche|gestion_anemo:vitesse_vent|valeur_calcule[13]~106 ; cout             ;
; |PiloteBarreFranche|gestion_anemo:vitesse_vent|valeur_calcule[14]~107 ; |PiloteBarreFranche|gestion_anemo:vitesse_vent|valeur_calcule[14]~107 ; combout          ;
; |PiloteBarreFranche|gestion_anemo:vitesse_vent|valeur_calcule[14]~107 ; |PiloteBarreFranche|gestion_anemo:vitesse_vent|valeur_calcule[14]~108 ; cout             ;
; |PiloteBarreFranche|gestion_anemo:vitesse_vent|valeur_calcule[15]~109 ; |PiloteBarreFranche|gestion_anemo:vitesse_vent|valeur_calcule[15]~109 ; combout          ;
; |PiloteBarreFranche|gestion_anemo:vitesse_vent|valeur_calcule[15]~109 ; |PiloteBarreFranche|gestion_anemo:vitesse_vent|valeur_calcule[15]~110 ; cout             ;
; |PiloteBarreFranche|gestion_anemo:vitesse_vent|valeur_calcule[16]~111 ; |PiloteBarreFranche|gestion_anemo:vitesse_vent|valeur_calcule[16]~111 ; combout          ;
; |PiloteBarreFranche|gestion_anemo:vitesse_vent|valeur_calcule[16]~111 ; |PiloteBarreFranche|gestion_anemo:vitesse_vent|valeur_calcule[16]~112 ; cout             ;
; |PiloteBarreFranche|gestion_anemo:vitesse_vent|valeur_calcule[17]~113 ; |PiloteBarreFranche|gestion_anemo:vitesse_vent|valeur_calcule[17]~113 ; combout          ;
; |PiloteBarreFranche|gestion_anemo:vitesse_vent|valeur_calcule[17]~113 ; |PiloteBarreFranche|gestion_anemo:vitesse_vent|valeur_calcule[17]~114 ; cout             ;
; |PiloteBarreFranche|gestion_anemo:vitesse_vent|valeur_calcule[18]~115 ; |PiloteBarreFranche|gestion_anemo:vitesse_vent|valeur_calcule[18]~115 ; combout          ;
; |PiloteBarreFranche|gestion_anemo:vitesse_vent|valeur_calcule[18]~115 ; |PiloteBarreFranche|gestion_anemo:vitesse_vent|valeur_calcule[18]~116 ; cout             ;
; |PiloteBarreFranche|gestion_anemo:vitesse_vent|valeur_calcule[19]~117 ; |PiloteBarreFranche|gestion_anemo:vitesse_vent|valeur_calcule[19]~117 ; combout          ;
; |PiloteBarreFranche|gestion_anemo:vitesse_vent|valeur_calcule[19]~117 ; |PiloteBarreFranche|gestion_anemo:vitesse_vent|valeur_calcule[19]~118 ; cout             ;
; |PiloteBarreFranche|gestion_anemo:vitesse_vent|valeur_calcule[20]~119 ; |PiloteBarreFranche|gestion_anemo:vitesse_vent|valeur_calcule[20]~119 ; combout          ;
; |PiloteBarreFranche|gestion_anemo:vitesse_vent|valeur_calcule[20]~119 ; |PiloteBarreFranche|gestion_anemo:vitesse_vent|valeur_calcule[20]~120 ; cout             ;
; |PiloteBarreFranche|gestion_anemo:vitesse_vent|valeur_calcule[21]~121 ; |PiloteBarreFranche|gestion_anemo:vitesse_vent|valeur_calcule[21]~121 ; combout          ;
; |PiloteBarreFranche|gestion_anemo:vitesse_vent|valeur_calcule[21]~121 ; |PiloteBarreFranche|gestion_anemo:vitesse_vent|valeur_calcule[21]~122 ; cout             ;
; |PiloteBarreFranche|gestion_anemo:vitesse_vent|valeur_calcule[22]~123 ; |PiloteBarreFranche|gestion_anemo:vitesse_vent|valeur_calcule[22]~123 ; combout          ;
; |PiloteBarreFranche|gestion_anemo:vitesse_vent|valeur_calcule[22]~123 ; |PiloteBarreFranche|gestion_anemo:vitesse_vent|valeur_calcule[22]~124 ; cout             ;
; |PiloteBarreFranche|gestion_anemo:vitesse_vent|valeur_calcule[23]~125 ; |PiloteBarreFranche|gestion_anemo:vitesse_vent|valeur_calcule[23]~125 ; combout          ;
; |PiloteBarreFranche|gestion_anemo:vitesse_vent|valeur_calcule[23]~125 ; |PiloteBarreFranche|gestion_anemo:vitesse_vent|valeur_calcule[23]~126 ; cout             ;
; |PiloteBarreFranche|gestion_anemo:vitesse_vent|valeur_calcule[24]~127 ; |PiloteBarreFranche|gestion_anemo:vitesse_vent|valeur_calcule[24]~127 ; combout          ;
; |PiloteBarreFranche|gestion_anemo:vitesse_vent|valeur_calcule[24]~127 ; |PiloteBarreFranche|gestion_anemo:vitesse_vent|valeur_calcule[24]~128 ; cout             ;
; |PiloteBarreFranche|gestion_anemo:vitesse_vent|valeur_calcule[25]~129 ; |PiloteBarreFranche|gestion_anemo:vitesse_vent|valeur_calcule[25]~129 ; combout          ;
; |PiloteBarreFranche|gestion_anemo:vitesse_vent|Add0~0                 ; |PiloteBarreFranche|gestion_anemo:vitesse_vent|Add0~0                 ; combout          ;
; |PiloteBarreFranche|gestion_anemo:vitesse_vent|Add0~0                 ; |PiloteBarreFranche|gestion_anemo:vitesse_vent|Add0~1                 ; cout             ;
; |PiloteBarreFranche|gestion_anemo:vitesse_vent|Add0~2                 ; |PiloteBarreFranche|gestion_anemo:vitesse_vent|Add0~2                 ; combout          ;
; |PiloteBarreFranche|gestion_anemo:vitesse_vent|Add0~2                 ; |PiloteBarreFranche|gestion_anemo:vitesse_vent|Add0~3                 ; cout             ;
; |PiloteBarreFranche|gestion_anemo:vitesse_vent|Add0~4                 ; |PiloteBarreFranche|gestion_anemo:vitesse_vent|Add0~4                 ; combout          ;
; |PiloteBarreFranche|gestion_anemo:vitesse_vent|Add0~4                 ; |PiloteBarreFranche|gestion_anemo:vitesse_vent|Add0~5                 ; cout             ;
; |PiloteBarreFranche|gestion_anemo:vitesse_vent|Add0~6                 ; |PiloteBarreFranche|gestion_anemo:vitesse_vent|Add0~6                 ; combout          ;
; |PiloteBarreFranche|gestion_anemo:vitesse_vent|Add0~6                 ; |PiloteBarreFranche|gestion_anemo:vitesse_vent|Add0~7                 ; cout             ;
; |PiloteBarreFranche|gestion_anemo:vitesse_vent|Add0~8                 ; |PiloteBarreFranche|gestion_anemo:vitesse_vent|Add0~8                 ; combout          ;
; |PiloteBarreFranche|gestion_anemo:vitesse_vent|Add0~8                 ; |PiloteBarreFranche|gestion_anemo:vitesse_vent|Add0~9                 ; cout             ;
; |PiloteBarreFranche|gestion_anemo:vitesse_vent|Add0~10                ; |PiloteBarreFranche|gestion_anemo:vitesse_vent|Add0~10                ; combout          ;
; |PiloteBarreFranche|gestion_anemo:vitesse_vent|Add0~10                ; |PiloteBarreFranche|gestion_anemo:vitesse_vent|Add0~11                ; cout             ;
; |PiloteBarreFranche|gestion_anemo:vitesse_vent|Add0~12                ; |PiloteBarreFranche|gestion_anemo:vitesse_vent|Add0~12                ; combout          ;
; |PiloteBarreFranche|gestion_anemo:vitesse_vent|Add0~12                ; |PiloteBarreFranche|gestion_anemo:vitesse_vent|Add0~13                ; cout             ;
; |PiloteBarreFranche|gestion_anemo:vitesse_vent|Add0~14                ; |PiloteBarreFranche|gestion_anemo:vitesse_vent|Add0~14                ; combout          ;
; |PiloteBarreFranche|gestion_anemo:vitesse_vent|Add0~14                ; |PiloteBarreFranche|gestion_anemo:vitesse_vent|Add0~15                ; cout             ;
; |PiloteBarreFranche|gestion_anemo:vitesse_vent|Add0~16                ; |PiloteBarreFranche|gestion_anemo:vitesse_vent|Add0~16                ; combout          ;
; |PiloteBarreFranche|gestion_anemo:vitesse_vent|Add0~16                ; |PiloteBarreFranche|gestion_anemo:vitesse_vent|Add0~17                ; cout             ;
; |PiloteBarreFranche|gestion_anemo:vitesse_vent|Add0~18                ; |PiloteBarreFranche|gestion_anemo:vitesse_vent|Add0~18                ; combout          ;
; |PiloteBarreFranche|gestion_anemo:vitesse_vent|Add0~18                ; |PiloteBarreFranche|gestion_anemo:vitesse_vent|Add0~19                ; cout             ;
; |PiloteBarreFranche|gestion_anemo:vitesse_vent|Add0~20                ; |PiloteBarreFranche|gestion_anemo:vitesse_vent|Add0~20                ; combout          ;
; |PiloteBarreFranche|gestion_anemo:vitesse_vent|Add0~20                ; |PiloteBarreFranche|gestion_anemo:vitesse_vent|Add0~21                ; cout             ;
; |PiloteBarreFranche|gestion_anemo:vitesse_vent|Add0~22                ; |PiloteBarreFranche|gestion_anemo:vitesse_vent|Add0~22                ; combout          ;
; |PiloteBarreFranche|gestion_anemo:vitesse_vent|Add0~22                ; |PiloteBarreFranche|gestion_anemo:vitesse_vent|Add0~23                ; cout             ;
; |PiloteBarreFranche|gestion_anemo:vitesse_vent|Add0~24                ; |PiloteBarreFranche|gestion_anemo:vitesse_vent|Add0~24                ; combout          ;
; |PiloteBarreFranche|gestion_anemo:vitesse_vent|Add0~24                ; |PiloteBarreFranche|gestion_anemo:vitesse_vent|Add0~25                ; cout             ;
; |PiloteBarreFranche|gestion_anemo:vitesse_vent|Add0~26                ; |PiloteBarreFranche|gestion_anemo:vitesse_vent|Add0~26                ; combout          ;
; |PiloteBarreFranche|gestion_anemo:vitesse_vent|Add0~26                ; |PiloteBarreFranche|gestion_anemo:vitesse_vent|Add0~27                ; cout             ;
; |PiloteBarreFranche|gestion_anemo:vitesse_vent|Add0~28                ; |PiloteBarreFranche|gestion_anemo:vitesse_vent|Add0~28                ; combout          ;
; |PiloteBarreFranche|gestion_anemo:vitesse_vent|Add0~28                ; |PiloteBarreFranche|gestion_anemo:vitesse_vent|Add0~29                ; cout             ;
; |PiloteBarreFranche|gestion_anemo:vitesse_vent|Add0~30                ; |PiloteBarreFranche|gestion_anemo:vitesse_vent|Add0~30                ; combout          ;
; |PiloteBarreFranche|gestion_anemo:vitesse_vent|Add0~30                ; |PiloteBarreFranche|gestion_anemo:vitesse_vent|Add0~31                ; cout             ;
; |PiloteBarreFranche|gestion_anemo:vitesse_vent|Add0~32                ; |PiloteBarreFranche|gestion_anemo:vitesse_vent|Add0~32                ; combout          ;
; |PiloteBarreFranche|gestion_anemo:vitesse_vent|valeur_present[0]      ; |PiloteBarreFranche|gestion_anemo:vitesse_vent|valeur_present[0]      ; regout           ;
; |PiloteBarreFranche|gestion_anemo:vitesse_vent|valeur_precedent[14]   ; |PiloteBarreFranche|gestion_anemo:vitesse_vent|valeur_precedent[14]   ; regout           ;
; |PiloteBarreFranche|gestion_anemo:vitesse_vent|valeur_present[14]     ; |PiloteBarreFranche|gestion_anemo:vitesse_vent|valeur_present[14]     ; regout           ;
; |PiloteBarreFranche|gestion_anemo:vitesse_vent|valeur_precedent[13]   ; |PiloteBarreFranche|gestion_anemo:vitesse_vent|valeur_precedent[13]   ; regout           ;
; |PiloteBarreFranche|gestion_anemo:vitesse_vent|valeur_present[13]     ; |PiloteBarreFranche|gestion_anemo:vitesse_vent|valeur_present[13]     ; regout           ;
; |PiloteBarreFranche|gestion_anemo:vitesse_vent|valeur_precedent[12]   ; |PiloteBarreFranche|gestion_anemo:vitesse_vent|valeur_precedent[12]   ; regout           ;
; |PiloteBarreFranche|gestion_anemo:vitesse_vent|valeur_present[12]     ; |PiloteBarreFranche|gestion_anemo:vitesse_vent|valeur_present[12]     ; regout           ;
; |PiloteBarreFranche|gestion_anemo:vitesse_vent|valeur_precedent[11]   ; |PiloteBarreFranche|gestion_anemo:vitesse_vent|valeur_precedent[11]   ; regout           ;
; |PiloteBarreFranche|gestion_anemo:vitesse_vent|valeur_present[11]     ; |PiloteBarreFranche|gestion_anemo:vitesse_vent|valeur_present[11]     ; regout           ;
; |PiloteBarreFranche|gestion_anemo:vitesse_vent|valeur_precedent[10]   ; |PiloteBarreFranche|gestion_anemo:vitesse_vent|valeur_precedent[10]   ; regout           ;
; |PiloteBarreFranche|gestion_anemo:vitesse_vent|valeur_present[10]     ; |PiloteBarreFranche|gestion_anemo:vitesse_vent|valeur_present[10]     ; regout           ;
; |PiloteBarreFranche|gestion_anemo:vitesse_vent|valeur_precedent[9]    ; |PiloteBarreFranche|gestion_anemo:vitesse_vent|valeur_precedent[9]    ; regout           ;
; |PiloteBarreFranche|gestion_anemo:vitesse_vent|valeur_present[9]      ; |PiloteBarreFranche|gestion_anemo:vitesse_vent|valeur_present[9]      ; regout           ;
; |PiloteBarreFranche|gestion_anemo:vitesse_vent|valeur_precedent[8]    ; |PiloteBarreFranche|gestion_anemo:vitesse_vent|valeur_precedent[8]    ; regout           ;
; |PiloteBarreFranche|gestion_anemo:vitesse_vent|valeur_present[8]      ; |PiloteBarreFranche|gestion_anemo:vitesse_vent|valeur_present[8]      ; regout           ;
; |PiloteBarreFranche|gestion_anemo:vitesse_vent|valeur_precedent[7]    ; |PiloteBarreFranche|gestion_anemo:vitesse_vent|valeur_precedent[7]    ; regout           ;
; |PiloteBarreFranche|gestion_anemo:vitesse_vent|valeur_present[7]      ; |PiloteBarreFranche|gestion_anemo:vitesse_vent|valeur_present[7]      ; regout           ;
; |PiloteBarreFranche|gestion_anemo:vitesse_vent|valeur_precedent[6]    ; |PiloteBarreFranche|gestion_anemo:vitesse_vent|valeur_precedent[6]    ; regout           ;
; |PiloteBarreFranche|gestion_anemo:vitesse_vent|valeur_present[6]      ; |PiloteBarreFranche|gestion_anemo:vitesse_vent|valeur_present[6]      ; regout           ;
; |PiloteBarreFranche|gestion_anemo:vitesse_vent|valeur_precedent[5]    ; |PiloteBarreFranche|gestion_anemo:vitesse_vent|valeur_precedent[5]    ; regout           ;
; |PiloteBarreFranche|gestion_anemo:vitesse_vent|valeur_present[5]      ; |PiloteBarreFranche|gestion_anemo:vitesse_vent|valeur_present[5]      ; regout           ;
; |PiloteBarreFranche|gestion_anemo:vitesse_vent|valeur_precedent[4]    ; |PiloteBarreFranche|gestion_anemo:vitesse_vent|valeur_precedent[4]    ; regout           ;
; |PiloteBarreFranche|gestion_anemo:vitesse_vent|valeur_present[4]      ; |PiloteBarreFranche|gestion_anemo:vitesse_vent|valeur_present[4]      ; regout           ;
; |PiloteBarreFranche|gestion_anemo:vitesse_vent|valeur_precedent[3]    ; |PiloteBarreFranche|gestion_anemo:vitesse_vent|valeur_precedent[3]    ; regout           ;
; |PiloteBarreFranche|gestion_anemo:vitesse_vent|valeur_present[3]      ; |PiloteBarreFranche|gestion_anemo:vitesse_vent|valeur_present[3]      ; regout           ;
; |PiloteBarreFranche|gestion_anemo:vitesse_vent|valeur_precedent[2]    ; |PiloteBarreFranche|gestion_anemo:vitesse_vent|valeur_precedent[2]    ; regout           ;
; |PiloteBarreFranche|gestion_anemo:vitesse_vent|valeur_present[2]      ; |PiloteBarreFranche|gestion_anemo:vitesse_vent|valeur_present[2]      ; regout           ;
; |PiloteBarreFranche|gestion_anemo:vitesse_vent|valeur_precedent[1]    ; |PiloteBarreFranche|gestion_anemo:vitesse_vent|valeur_precedent[1]    ; regout           ;
; |PiloteBarreFranche|gestion_anemo:vitesse_vent|valeur_present[1]      ; |PiloteBarreFranche|gestion_anemo:vitesse_vent|valeur_present[1]      ; regout           ;
; |PiloteBarreFranche|gestion_anemo:vitesse_vent|Add1~1                 ; |PiloteBarreFranche|gestion_anemo:vitesse_vent|Add1~1                 ; combout          ;
; |PiloteBarreFranche|gestion_anemo:vitesse_vent|Add1~2                 ; |PiloteBarreFranche|gestion_anemo:vitesse_vent|Add1~2                 ; combout          ;
; |PiloteBarreFranche|gestion_anemo:vitesse_vent|valeur_calcule[13]~80  ; |PiloteBarreFranche|gestion_anemo:vitesse_vent|valeur_calcule[13]~80  ; combout          ;
; |PiloteBarreFranche|gestion_anemo:vitesse_vent|Add1~3                 ; |PiloteBarreFranche|gestion_anemo:vitesse_vent|Add1~3                 ; combout          ;
; |PiloteBarreFranche|gestion_anemo:vitesse_vent|Add1~4                 ; |PiloteBarreFranche|gestion_anemo:vitesse_vent|Add1~4                 ; combout          ;
; |PiloteBarreFranche|gestion_anemo:vitesse_vent|Add1~5                 ; |PiloteBarreFranche|gestion_anemo:vitesse_vent|Add1~5                 ; combout          ;
; |PiloteBarreFranche|gestion_anemo:vitesse_vent|Add1~6                 ; |PiloteBarreFranche|gestion_anemo:vitesse_vent|Add1~6                 ; combout          ;
; |PiloteBarreFranche|gestion_anemo:vitesse_vent|Add1~7                 ; |PiloteBarreFranche|gestion_anemo:vitesse_vent|Add1~7                 ; combout          ;
; |PiloteBarreFranche|gestion_anemo:vitesse_vent|Add1~8                 ; |PiloteBarreFranche|gestion_anemo:vitesse_vent|Add1~8                 ; combout          ;
; |PiloteBarreFranche|gestion_anemo:vitesse_vent|Add1~9                 ; |PiloteBarreFranche|gestion_anemo:vitesse_vent|Add1~9                 ; combout          ;
; |PiloteBarreFranche|gestion_anemo:vitesse_vent|Add1~10                ; |PiloteBarreFranche|gestion_anemo:vitesse_vent|Add1~10                ; combout          ;
; |PiloteBarreFranche|gestion_anemo:vitesse_vent|Add1~11                ; |PiloteBarreFranche|gestion_anemo:vitesse_vent|Add1~11                ; combout          ;
; |PiloteBarreFranche|gestion_anemo:vitesse_vent|Add1~12                ; |PiloteBarreFranche|gestion_anemo:vitesse_vent|Add1~12                ; combout          ;
; |PiloteBarreFranche|gestion_anemo:vitesse_vent|Add1~13                ; |PiloteBarreFranche|gestion_anemo:vitesse_vent|Add1~13                ; combout          ;
; |PiloteBarreFranche|gestion_anemo:vitesse_vent|Add1~14                ; |PiloteBarreFranche|gestion_anemo:vitesse_vent|Add1~14                ; combout          ;
; |PiloteBarreFranche|gestion_anemo:vitesse_vent|Add1~15                ; |PiloteBarreFranche|gestion_anemo:vitesse_vent|Add1~15                ; combout          ;
; |PiloteBarreFranche|gestion_anemo:vitesse_vent|Add1~16                ; |PiloteBarreFranche|gestion_anemo:vitesse_vent|Add1~16                ; combout          ;
; |PiloteBarreFranche|gestion_anemo:vitesse_vent|Add1~17                ; |PiloteBarreFranche|gestion_anemo:vitesse_vent|Add1~17                ; combout          ;
; |PiloteBarreFranche|gestion_anemo:vitesse_vent|Add1~18                ; |PiloteBarreFranche|gestion_anemo:vitesse_vent|Add1~18                ; combout          ;
; |PiloteBarreFranche|gestion_anemo:vitesse_vent|Add1~19                ; |PiloteBarreFranche|gestion_anemo:vitesse_vent|Add1~19                ; combout          ;
; |PiloteBarreFranche|gestion_anemo:vitesse_vent|Add1~20                ; |PiloteBarreFranche|gestion_anemo:vitesse_vent|Add1~20                ; combout          ;
; |PiloteBarreFranche|gestion_anemo:vitesse_vent|Add1~21                ; |PiloteBarreFranche|gestion_anemo:vitesse_vent|Add1~21                ; combout          ;
; |PiloteBarreFranche|gestion_anemo:vitesse_vent|Add1~22                ; |PiloteBarreFranche|gestion_anemo:vitesse_vent|Add1~22                ; combout          ;
; |PiloteBarreFranche|gestion_anemo:vitesse_vent|Add1~23                ; |PiloteBarreFranche|gestion_anemo:vitesse_vent|Add1~23                ; combout          ;
; |PiloteBarreFranche|gestion_anemo:vitesse_vent|Add1~24                ; |PiloteBarreFranche|gestion_anemo:vitesse_vent|Add1~24                ; combout          ;
; |PiloteBarreFranche|gestion_anemo:vitesse_vent|Add1~25                ; |PiloteBarreFranche|gestion_anemo:vitesse_vent|Add1~25                ; combout          ;
; |PiloteBarreFranche|gestion_anemo:vitesse_vent|Add1~26                ; |PiloteBarreFranche|gestion_anemo:vitesse_vent|Add1~26                ; combout          ;
; |PiloteBarreFranche|gestion_anemo:vitesse_vent|Add1~27                ; |PiloteBarreFranche|gestion_anemo:vitesse_vent|Add1~27                ; combout          ;
; |PiloteBarreFranche|gestion_anemo:vitesse_vent|Add1~28                ; |PiloteBarreFranche|gestion_anemo:vitesse_vent|Add1~28                ; combout          ;
; |PiloteBarreFranche|gestion_anemo:vitesse_vent|Add1~29                ; |PiloteBarreFranche|gestion_anemo:vitesse_vent|Add1~29                ; combout          ;
; |PiloteBarreFranche|gestion_anemo:vitesse_vent|Add1~30                ; |PiloteBarreFranche|gestion_anemo:vitesse_vent|Add1~30                ; combout          ;
; |PiloteBarreFranche|gestion_anemo:vitesse_vent|Add1~31                ; |PiloteBarreFranche|gestion_anemo:vitesse_vent|Add1~31                ; combout          ;
; |PiloteBarreFranche|gestion_anemo:vitesse_vent|Add1~32                ; |PiloteBarreFranche|gestion_anemo:vitesse_vent|Add1~32                ; combout          ;
; |PiloteBarreFranche|gestion_anemo:vitesse_vent|Add1~33                ; |PiloteBarreFranche|gestion_anemo:vitesse_vent|Add1~33                ; combout          ;
; |PiloteBarreFranche|gestion_anemo:vitesse_vent|Add1~34                ; |PiloteBarreFranche|gestion_anemo:vitesse_vent|Add1~34                ; combout          ;
; |PiloteBarreFranche|gestion_anemo:vitesse_vent|Add1~35                ; |PiloteBarreFranche|gestion_anemo:vitesse_vent|Add1~35                ; combout          ;
; |PiloteBarreFranche|gestion_anemo:vitesse_vent|Add1~36                ; |PiloteBarreFranche|gestion_anemo:vitesse_vent|Add1~36                ; combout          ;
; |PiloteBarreFranche|gestion_anemo:vitesse_vent|Add1~37                ; |PiloteBarreFranche|gestion_anemo:vitesse_vent|Add1~37                ; combout          ;
; |PiloteBarreFranche|gestion_anemo:vitesse_vent|Add1~38                ; |PiloteBarreFranche|gestion_anemo:vitesse_vent|Add1~38                ; combout          ;
; |PiloteBarreFranche|gestion_anemo:vitesse_vent|Add1~39                ; |PiloteBarreFranche|gestion_anemo:vitesse_vent|Add1~39                ; combout          ;
; |PiloteBarreFranche|gestion_anemo:vitesse_vent|Add1~40                ; |PiloteBarreFranche|gestion_anemo:vitesse_vent|Add1~40                ; combout          ;
; |PiloteBarreFranche|gestion_anemo:vitesse_vent|Add1~41                ; |PiloteBarreFranche|gestion_anemo:vitesse_vent|Add1~41                ; combout          ;
; |PiloteBarreFranche|gestion_anemo:vitesse_vent|Add1~42                ; |PiloteBarreFranche|gestion_anemo:vitesse_vent|Add1~42                ; combout          ;
; |PiloteBarreFranche|gestion_anemo:vitesse_vent|Add1~43                ; |PiloteBarreFranche|gestion_anemo:vitesse_vent|Add1~43                ; combout          ;
; |PiloteBarreFranche|gestion_anemo:vitesse_vent|Add1~44                ; |PiloteBarreFranche|gestion_anemo:vitesse_vent|Add1~44                ; combout          ;
; |PiloteBarreFranche|gestion_anemo:vitesse_vent|Add1~45                ; |PiloteBarreFranche|gestion_anemo:vitesse_vent|Add1~45                ; combout          ;
; |PiloteBarreFranche|gestion_anemo:vitesse_vent|Add1~46                ; |PiloteBarreFranche|gestion_anemo:vitesse_vent|Add1~46                ; combout          ;
; |PiloteBarreFranche|gestion_anemo:vitesse_vent|Add1~47                ; |PiloteBarreFranche|gestion_anemo:vitesse_vent|Add1~47                ; combout          ;
; |PiloteBarreFranche|gestion_anemo:vitesse_vent|Add1~48                ; |PiloteBarreFranche|gestion_anemo:vitesse_vent|Add1~48                ; combout          ;
; |PiloteBarreFranche|gestion_anemo:vitesse_vent|Add1~49                ; |PiloteBarreFranche|gestion_anemo:vitesse_vent|Add1~49                ; combout          ;
; |PiloteBarreFranche|gestion_anemo:vitesse_vent|Add1~50                ; |PiloteBarreFranche|gestion_anemo:vitesse_vent|Add1~50                ; combout          ;
; |PiloteBarreFranche|gestion_anemo:vitesse_vent|Add1~51                ; |PiloteBarreFranche|gestion_anemo:vitesse_vent|Add1~51                ; combout          ;
; |PiloteBarreFranche|gestion_anemo:vitesse_vent|Add1~52                ; |PiloteBarreFranche|gestion_anemo:vitesse_vent|Add1~52                ; combout          ;
; |PiloteBarreFranche|gestion_anemo:vitesse_vent|Equal0~3               ; |PiloteBarreFranche|gestion_anemo:vitesse_vent|Equal0~3               ; combout          ;
; |PiloteBarreFranche|gestion_anemo:vitesse_vent|Equal0~5               ; |PiloteBarreFranche|gestion_anemo:vitesse_vent|Equal0~5               ; combout          ;
; |PiloteBarreFranche|gestion_anemo:vitesse_vent|Equal0~6               ; |PiloteBarreFranche|gestion_anemo:vitesse_vent|Equal0~6               ; combout          ;
; |PiloteBarreFranche|gestion_anemo:vitesse_vent|Equal0~7               ; |PiloteBarreFranche|gestion_anemo:vitesse_vent|Equal0~7               ; combout          ;
; |PiloteBarreFranche|gestion_anemo:vitesse_vent|valeur_present~26      ; |PiloteBarreFranche|gestion_anemo:vitesse_vent|valeur_present~26      ; combout          ;
; |PiloteBarreFranche|gestion_anemo:vitesse_vent|valeur_present~34      ; |PiloteBarreFranche|gestion_anemo:vitesse_vent|valeur_present~34      ; combout          ;
; |PiloteBarreFranche|gestion_anemo:vitesse_vent|valeur_present~35      ; |PiloteBarreFranche|gestion_anemo:vitesse_vent|valeur_present~35      ; combout          ;
; |PiloteBarreFranche|gestion_anemo:vitesse_vent|valeur_present~36      ; |PiloteBarreFranche|gestion_anemo:vitesse_vent|valeur_present~36      ; combout          ;
; |PiloteBarreFranche|gestion_anemo:vitesse_vent|valeur_present~37      ; |PiloteBarreFranche|gestion_anemo:vitesse_vent|valeur_present~37      ; combout          ;
; |PiloteBarreFranche|gestion_anemo:vitesse_vent|valeur_present~38      ; |PiloteBarreFranche|gestion_anemo:vitesse_vent|valeur_present~38      ; combout          ;
; |PiloteBarreFranche|data_anemometre[0]                                ; |PiloteBarreFranche|data_anemometre[0]                                ; padio            ;
; |PiloteBarreFranche|data_anemometre[3]                                ; |PiloteBarreFranche|data_anemometre[3]                                ; padio            ;
; |PiloteBarreFranche|in_freq_anemometre                                ; |PiloteBarreFranche|in_freq_anemometre~corein                         ; combout          ;
; |PiloteBarreFranche|clk_50M                                           ; |PiloteBarreFranche|clk_50M~corein                                    ; combout          ;
; |PiloteBarreFranche|in_freq_anemometre~clkctrl                        ; |PiloteBarreFranche|in_freq_anemometre~clkctrl                        ; outclk           ;
; |PiloteBarreFranche|clk_50M~clkctrl                                   ; |PiloteBarreFranche|clk_50M~clkctrl                                   ; outclk           ;
+-----------------------------------------------------------------------+-----------------------------------------------------------------------+------------------+


The following table displays output ports that do not toggle to 1 during simulation.
+--------------------------------------------------------------------------------------------------------------------------------------------------------------+
; Missing 1-Value Coverage                                                                                                                                     ;
+---------------------------------------------------------------------+---------------------------------------------------------------------+------------------+
; Node Name                                                           ; Output Port Name                                                    ; Output Port Type ;
+---------------------------------------------------------------------+---------------------------------------------------------------------+------------------+
; |PiloteBarreFranche|gestion_anemo:vitesse_vent|valeur_calcule[2]    ; |PiloteBarreFranche|gestion_anemo:vitesse_vent|valeur_calcule[2]    ; regout           ;
; |PiloteBarreFranche|gestion_anemo:vitesse_vent|valeur_calcule[6]    ; |PiloteBarreFranche|gestion_anemo:vitesse_vent|valeur_calcule[6]    ; regout           ;
; |PiloteBarreFranche|gestion_anemo:vitesse_vent|valeur_calcule[7]    ; |PiloteBarreFranche|gestion_anemo:vitesse_vent|valeur_calcule[7]    ; regout           ;
; |PiloteBarreFranche|gestion_anemo:vitesse_vent|valeur_calcule[8]    ; |PiloteBarreFranche|gestion_anemo:vitesse_vent|valeur_calcule[8]    ; regout           ;
; |PiloteBarreFranche|gestion_anemo:vitesse_vent|valeur_calcule[9]    ; |PiloteBarreFranche|gestion_anemo:vitesse_vent|valeur_calcule[9]    ; regout           ;
; |PiloteBarreFranche|gestion_anemo:vitesse_vent|valeur_calcule[10]   ; |PiloteBarreFranche|gestion_anemo:vitesse_vent|valeur_calcule[10]   ; regout           ;
; |PiloteBarreFranche|gestion_anemo:vitesse_vent|valeur_calcule[11]   ; |PiloteBarreFranche|gestion_anemo:vitesse_vent|valeur_calcule[11]   ; regout           ;
; |PiloteBarreFranche|gestion_anemo:vitesse_vent|valeur_calcule[12]   ; |PiloteBarreFranche|gestion_anemo:vitesse_vent|valeur_calcule[12]   ; regout           ;
; |PiloteBarreFranche|gestion_anemo:vitesse_vent|valeur_calcule[13]   ; |PiloteBarreFranche|gestion_anemo:vitesse_vent|valeur_calcule[13]   ; regout           ;
; |PiloteBarreFranche|gestion_anemo:vitesse_vent|valeur_calcule[14]   ; |PiloteBarreFranche|gestion_anemo:vitesse_vent|valeur_calcule[14]   ; regout           ;
; |PiloteBarreFranche|gestion_anemo:vitesse_vent|valeur_calcule[15]   ; |PiloteBarreFranche|gestion_anemo:vitesse_vent|valeur_calcule[15]   ; regout           ;
; |PiloteBarreFranche|gestion_anemo:vitesse_vent|valeur_calcule[16]   ; |PiloteBarreFranche|gestion_anemo:vitesse_vent|valeur_calcule[16]   ; regout           ;
; |PiloteBarreFranche|gestion_anemo:vitesse_vent|valeur_calcule[17]   ; |PiloteBarreFranche|gestion_anemo:vitesse_vent|valeur_calcule[17]   ; regout           ;
; |PiloteBarreFranche|gestion_anemo:vitesse_vent|valeur_calcule[18]   ; |PiloteBarreFranche|gestion_anemo:vitesse_vent|valeur_calcule[18]   ; regout           ;
; |PiloteBarreFranche|gestion_anemo:vitesse_vent|valeur_calcule[19]   ; |PiloteBarreFranche|gestion_anemo:vitesse_vent|valeur_calcule[19]   ; regout           ;
; |PiloteBarreFranche|gestion_anemo:vitesse_vent|valeur_calcule[20]   ; |PiloteBarreFranche|gestion_anemo:vitesse_vent|valeur_calcule[20]   ; regout           ;
; |PiloteBarreFranche|gestion_anemo:vitesse_vent|valeur_calcule[21]   ; |PiloteBarreFranche|gestion_anemo:vitesse_vent|valeur_calcule[21]   ; regout           ;
; |PiloteBarreFranche|gestion_anemo:vitesse_vent|valeur_calcule[22]   ; |PiloteBarreFranche|gestion_anemo:vitesse_vent|valeur_calcule[22]   ; regout           ;
; |PiloteBarreFranche|gestion_anemo:vitesse_vent|valeur_calcule[23]   ; |PiloteBarreFranche|gestion_anemo:vitesse_vent|valeur_calcule[23]   ; regout           ;
; |PiloteBarreFranche|gestion_anemo:vitesse_vent|valeur_calcule[24]   ; |PiloteBarreFranche|gestion_anemo:vitesse_vent|valeur_calcule[24]   ; regout           ;
; |PiloteBarreFranche|gestion_anemo:vitesse_vent|valeur_calcule[25]   ; |PiloteBarreFranche|gestion_anemo:vitesse_vent|valeur_calcule[25]   ; regout           ;
; |PiloteBarreFranche|gestion_anemo:vitesse_vent|Add0~32              ; |PiloteBarreFranche|gestion_anemo:vitesse_vent|Add0~33              ; cout             ;
; |PiloteBarreFranche|gestion_anemo:vitesse_vent|Add0~34              ; |PiloteBarreFranche|gestion_anemo:vitesse_vent|Add0~34              ; combout          ;
; |PiloteBarreFranche|gestion_anemo:vitesse_vent|Add0~34              ; |PiloteBarreFranche|gestion_anemo:vitesse_vent|Add0~35              ; cout             ;
; |PiloteBarreFranche|gestion_anemo:vitesse_vent|Add0~36              ; |PiloteBarreFranche|gestion_anemo:vitesse_vent|Add0~36              ; combout          ;
; |PiloteBarreFranche|gestion_anemo:vitesse_vent|Add0~36              ; |PiloteBarreFranche|gestion_anemo:vitesse_vent|Add0~37              ; cout             ;
; |PiloteBarreFranche|gestion_anemo:vitesse_vent|Add0~38              ; |PiloteBarreFranche|gestion_anemo:vitesse_vent|Add0~38              ; combout          ;
; |PiloteBarreFranche|gestion_anemo:vitesse_vent|Add0~38              ; |PiloteBarreFranche|gestion_anemo:vitesse_vent|Add0~39              ; cout             ;
; |PiloteBarreFranche|gestion_anemo:vitesse_vent|Add0~40              ; |PiloteBarreFranche|gestion_anemo:vitesse_vent|Add0~40              ; combout          ;
; |PiloteBarreFranche|gestion_anemo:vitesse_vent|Add0~40              ; |PiloteBarreFranche|gestion_anemo:vitesse_vent|Add0~41              ; cout             ;
; |PiloteBarreFranche|gestion_anemo:vitesse_vent|Add0~42              ; |PiloteBarreFranche|gestion_anemo:vitesse_vent|Add0~42              ; combout          ;
; |PiloteBarreFranche|gestion_anemo:vitesse_vent|Add0~42              ; |PiloteBarreFranche|gestion_anemo:vitesse_vent|Add0~43              ; cout             ;
; |PiloteBarreFranche|gestion_anemo:vitesse_vent|Add0~44              ; |PiloteBarreFranche|gestion_anemo:vitesse_vent|Add0~44              ; combout          ;
; |PiloteBarreFranche|gestion_anemo:vitesse_vent|Add0~44              ; |PiloteBarreFranche|gestion_anemo:vitesse_vent|Add0~45              ; cout             ;
; |PiloteBarreFranche|gestion_anemo:vitesse_vent|Add0~46              ; |PiloteBarreFranche|gestion_anemo:vitesse_vent|Add0~46              ; combout          ;
; |PiloteBarreFranche|gestion_anemo:vitesse_vent|Add0~46              ; |PiloteBarreFranche|gestion_anemo:vitesse_vent|Add0~47              ; cout             ;
; |PiloteBarreFranche|gestion_anemo:vitesse_vent|Add0~48              ; |PiloteBarreFranche|gestion_anemo:vitesse_vent|Add0~48              ; combout          ;
; |PiloteBarreFranche|gestion_anemo:vitesse_vent|Add0~48              ; |PiloteBarreFranche|gestion_anemo:vitesse_vent|Add0~49              ; cout             ;
; |PiloteBarreFranche|gestion_anemo:vitesse_vent|Add0~50              ; |PiloteBarreFranche|gestion_anemo:vitesse_vent|Add0~50              ; combout          ;
; |PiloteBarreFranche|gestion_anemo:vitesse_vent|valeur_precedent[25] ; |PiloteBarreFranche|gestion_anemo:vitesse_vent|valeur_precedent[25] ; regout           ;
; |PiloteBarreFranche|gestion_anemo:vitesse_vent|valeur_present[25]   ; |PiloteBarreFranche|gestion_anemo:vitesse_vent|valeur_present[25]   ; regout           ;
; |PiloteBarreFranche|gestion_anemo:vitesse_vent|valeur_precedent[24] ; |PiloteBarreFranche|gestion_anemo:vitesse_vent|valeur_precedent[24] ; regout           ;
; |PiloteBarreFranche|gestion_anemo:vitesse_vent|valeur_present[24]   ; |PiloteBarreFranche|gestion_anemo:vitesse_vent|valeur_present[24]   ; regout           ;
; |PiloteBarreFranche|gestion_anemo:vitesse_vent|valeur_precedent[23] ; |PiloteBarreFranche|gestion_anemo:vitesse_vent|valeur_precedent[23] ; regout           ;
; |PiloteBarreFranche|gestion_anemo:vitesse_vent|valeur_present[23]   ; |PiloteBarreFranche|gestion_anemo:vitesse_vent|valeur_present[23]   ; regout           ;
; |PiloteBarreFranche|gestion_anemo:vitesse_vent|valeur_precedent[22] ; |PiloteBarreFranche|gestion_anemo:vitesse_vent|valeur_precedent[22] ; regout           ;
; |PiloteBarreFranche|gestion_anemo:vitesse_vent|valeur_present[22]   ; |PiloteBarreFranche|gestion_anemo:vitesse_vent|valeur_present[22]   ; regout           ;
; |PiloteBarreFranche|gestion_anemo:vitesse_vent|valeur_precedent[21] ; |PiloteBarreFranche|gestion_anemo:vitesse_vent|valeur_precedent[21] ; regout           ;
; |PiloteBarreFranche|gestion_anemo:vitesse_vent|valeur_present[21]   ; |PiloteBarreFranche|gestion_anemo:vitesse_vent|valeur_present[21]   ; regout           ;
; |PiloteBarreFranche|gestion_anemo:vitesse_vent|valeur_precedent[20] ; |PiloteBarreFranche|gestion_anemo:vitesse_vent|valeur_precedent[20] ; regout           ;
; |PiloteBarreFranche|gestion_anemo:vitesse_vent|valeur_present[20]   ; |PiloteBarreFranche|gestion_anemo:vitesse_vent|valeur_present[20]   ; regout           ;
; |PiloteBarreFranche|gestion_anemo:vitesse_vent|valeur_precedent[19] ; |PiloteBarreFranche|gestion_anemo:vitesse_vent|valeur_precedent[19] ; regout           ;
; |PiloteBarreFranche|gestion_anemo:vitesse_vent|valeur_present[19]   ; |PiloteBarreFranche|gestion_anemo:vitesse_vent|valeur_present[19]   ; regout           ;
; |PiloteBarreFranche|gestion_anemo:vitesse_vent|valeur_precedent[18] ; |PiloteBarreFranche|gestion_anemo:vitesse_vent|valeur_precedent[18] ; regout           ;
; |PiloteBarreFranche|gestion_anemo:vitesse_vent|valeur_present[18]   ; |PiloteBarreFranche|gestion_anemo:vitesse_vent|valeur_present[18]   ; regout           ;
; |PiloteBarreFranche|gestion_anemo:vitesse_vent|valeur_precedent[17] ; |PiloteBarreFranche|gestion_anemo:vitesse_vent|valeur_precedent[17] ; regout           ;
; |PiloteBarreFranche|gestion_anemo:vitesse_vent|valeur_present[17]   ; |PiloteBarreFranche|gestion_anemo:vitesse_vent|valeur_present[17]   ; regout           ;
; |PiloteBarreFranche|gestion_anemo:vitesse_vent|valeur_precedent[16] ; |PiloteBarreFranche|gestion_anemo:vitesse_vent|valeur_precedent[16] ; regout           ;
; |PiloteBarreFranche|gestion_anemo:vitesse_vent|valeur_present[16]   ; |PiloteBarreFranche|gestion_anemo:vitesse_vent|valeur_present[16]   ; regout           ;
; |PiloteBarreFranche|gestion_anemo:vitesse_vent|Equal0~0             ; |PiloteBarreFranche|gestion_anemo:vitesse_vent|Equal0~0             ; combout          ;
; |PiloteBarreFranche|gestion_anemo:vitesse_vent|Equal0~1             ; |PiloteBarreFranche|gestion_anemo:vitesse_vent|Equal0~1             ; combout          ;
; |PiloteBarreFranche|gestion_anemo:vitesse_vent|Equal0~2             ; |PiloteBarreFranche|gestion_anemo:vitesse_vent|Equal0~2             ; combout          ;
; |PiloteBarreFranche|gestion_anemo:vitesse_vent|Equal0~4             ; |PiloteBarreFranche|gestion_anemo:vitesse_vent|Equal0~4             ; combout          ;
; |PiloteBarreFranche|gestion_anemo:vitesse_vent|valeur_present~27    ; |PiloteBarreFranche|gestion_anemo:vitesse_vent|valeur_present~27    ; combout          ;
; |PiloteBarreFranche|gestion_anemo:vitesse_vent|valeur_present~28    ; |PiloteBarreFranche|gestion_anemo:vitesse_vent|valeur_present~28    ; combout          ;
; |PiloteBarreFranche|gestion_anemo:vitesse_vent|valeur_present~29    ; |PiloteBarreFranche|gestion_anemo:vitesse_vent|valeur_present~29    ; combout          ;
; |PiloteBarreFranche|gestion_anemo:vitesse_vent|valeur_present~30    ; |PiloteBarreFranche|gestion_anemo:vitesse_vent|valeur_present~30    ; combout          ;
; |PiloteBarreFranche|gestion_anemo:vitesse_vent|valeur_present~31    ; |PiloteBarreFranche|gestion_anemo:vitesse_vent|valeur_present~31    ; combout          ;
; |PiloteBarreFranche|gestion_anemo:vitesse_vent|valeur_present~32    ; |PiloteBarreFranche|gestion_anemo:vitesse_vent|valeur_present~32    ; combout          ;
; |PiloteBarreFranche|gestion_anemo:vitesse_vent|valeur_present~33    ; |PiloteBarreFranche|gestion_anemo:vitesse_vent|valeur_present~33    ; combout          ;
; |PiloteBarreFranche|data_anemometre[2]                              ; |PiloteBarreFranche|data_anemometre[2]                              ; padio            ;
; |PiloteBarreFranche|data_anemometre[6]                              ; |PiloteBarreFranche|data_anemometre[6]                              ; padio            ;
; |PiloteBarreFranche|data_anemometre[7]                              ; |PiloteBarreFranche|data_anemometre[7]                              ; padio            ;
; |PiloteBarreFranche|data_anemometre[8]                              ; |PiloteBarreFranche|data_anemometre[8]                              ; padio            ;
; |PiloteBarreFranche|data_anemometre[9]                              ; |PiloteBarreFranche|data_anemometre[9]                              ; padio            ;
; |PiloteBarreFranche|data_anemometre[10]                             ; |PiloteBarreFranche|data_anemometre[10]                             ; padio            ;
; |PiloteBarreFranche|data_anemometre[11]                             ; |PiloteBarreFranche|data_anemometre[11]                             ; padio            ;
; |PiloteBarreFranche|data_anemometre[12]                             ; |PiloteBarreFranche|data_anemometre[12]                             ; padio            ;
; |PiloteBarreFranche|data_anemometre[13]                             ; |PiloteBarreFranche|data_anemometre[13]                             ; padio            ;
; |PiloteBarreFranche|data_anemometre[14]                             ; |PiloteBarreFranche|data_anemometre[14]                             ; padio            ;
; |PiloteBarreFranche|data_anemometre[15]                             ; |PiloteBarreFranche|data_anemometre[15]                             ; padio            ;
; |PiloteBarreFranche|data_anemometre[16]                             ; |PiloteBarreFranche|data_anemometre[16]                             ; padio            ;
; |PiloteBarreFranche|data_anemometre[17]                             ; |PiloteBarreFranche|data_anemometre[17]                             ; padio            ;
; |PiloteBarreFranche|data_anemometre[18]                             ; |PiloteBarreFranche|data_anemometre[18]                             ; padio            ;
; |PiloteBarreFranche|data_anemometre[19]                             ; |PiloteBarreFranche|data_anemometre[19]                             ; padio            ;
; |PiloteBarreFranche|data_anemometre[20]                             ; |PiloteBarreFranche|data_anemometre[20]                             ; padio            ;
; |PiloteBarreFranche|data_anemometre[21]                             ; |PiloteBarreFranche|data_anemometre[21]                             ; padio            ;
; |PiloteBarreFranche|data_anemometre[22]                             ; |PiloteBarreFranche|data_anemometre[22]                             ; padio            ;
; |PiloteBarreFranche|data_anemometre[23]                             ; |PiloteBarreFranche|data_anemometre[23]                             ; padio            ;
; |PiloteBarreFranche|data_anemometre[24]                             ; |PiloteBarreFranche|data_anemometre[24]                             ; padio            ;
; |PiloteBarreFranche|data_anemometre[25]                             ; |PiloteBarreFranche|data_anemometre[25]                             ; padio            ;
+---------------------------------------------------------------------+---------------------------------------------------------------------+------------------+


The following table displays output ports that do not toggle to 0 during simulation.
+--------------------------------------------------------------------------------------------------------------------------------------------------------------+
; Missing 0-Value Coverage                                                                                                                                     ;
+---------------------------------------------------------------------+---------------------------------------------------------------------+------------------+
; Node Name                                                           ; Output Port Name                                                    ; Output Port Type ;
+---------------------------------------------------------------------+---------------------------------------------------------------------+------------------+
; |PiloteBarreFranche|gestion_anemo:vitesse_vent|valeur_calcule[1]    ; |PiloteBarreFranche|gestion_anemo:vitesse_vent|valeur_calcule[1]    ; regout           ;
; |PiloteBarreFranche|gestion_anemo:vitesse_vent|valeur_calcule[2]    ; |PiloteBarreFranche|gestion_anemo:vitesse_vent|valeur_calcule[2]    ; regout           ;
; |PiloteBarreFranche|gestion_anemo:vitesse_vent|valeur_calcule[4]    ; |PiloteBarreFranche|gestion_anemo:vitesse_vent|valeur_calcule[4]    ; regout           ;
; |PiloteBarreFranche|gestion_anemo:vitesse_vent|valeur_calcule[5]    ; |PiloteBarreFranche|gestion_anemo:vitesse_vent|valeur_calcule[5]    ; regout           ;
; |PiloteBarreFranche|gestion_anemo:vitesse_vent|valeur_calcule[6]    ; |PiloteBarreFranche|gestion_anemo:vitesse_vent|valeur_calcule[6]    ; regout           ;
; |PiloteBarreFranche|gestion_anemo:vitesse_vent|valeur_calcule[7]    ; |PiloteBarreFranche|gestion_anemo:vitesse_vent|valeur_calcule[7]    ; regout           ;
; |PiloteBarreFranche|gestion_anemo:vitesse_vent|valeur_calcule[8]    ; |PiloteBarreFranche|gestion_anemo:vitesse_vent|valeur_calcule[8]    ; regout           ;
; |PiloteBarreFranche|gestion_anemo:vitesse_vent|valeur_calcule[9]    ; |PiloteBarreFranche|gestion_anemo:vitesse_vent|valeur_calcule[9]    ; regout           ;
; |PiloteBarreFranche|gestion_anemo:vitesse_vent|valeur_calcule[10]   ; |PiloteBarreFranche|gestion_anemo:vitesse_vent|valeur_calcule[10]   ; regout           ;
; |PiloteBarreFranche|gestion_anemo:vitesse_vent|valeur_calcule[11]   ; |PiloteBarreFranche|gestion_anemo:vitesse_vent|valeur_calcule[11]   ; regout           ;
; |PiloteBarreFranche|gestion_anemo:vitesse_vent|valeur_calcule[12]   ; |PiloteBarreFranche|gestion_anemo:vitesse_vent|valeur_calcule[12]   ; regout           ;
; |PiloteBarreFranche|gestion_anemo:vitesse_vent|valeur_calcule[13]   ; |PiloteBarreFranche|gestion_anemo:vitesse_vent|valeur_calcule[13]   ; regout           ;
; |PiloteBarreFranche|gestion_anemo:vitesse_vent|valeur_calcule[14]   ; |PiloteBarreFranche|gestion_anemo:vitesse_vent|valeur_calcule[14]   ; regout           ;
; |PiloteBarreFranche|gestion_anemo:vitesse_vent|valeur_calcule[15]   ; |PiloteBarreFranche|gestion_anemo:vitesse_vent|valeur_calcule[15]   ; regout           ;
; |PiloteBarreFranche|gestion_anemo:vitesse_vent|valeur_calcule[16]   ; |PiloteBarreFranche|gestion_anemo:vitesse_vent|valeur_calcule[16]   ; regout           ;
; |PiloteBarreFranche|gestion_anemo:vitesse_vent|valeur_calcule[17]   ; |PiloteBarreFranche|gestion_anemo:vitesse_vent|valeur_calcule[17]   ; regout           ;
; |PiloteBarreFranche|gestion_anemo:vitesse_vent|valeur_calcule[18]   ; |PiloteBarreFranche|gestion_anemo:vitesse_vent|valeur_calcule[18]   ; regout           ;
; |PiloteBarreFranche|gestion_anemo:vitesse_vent|valeur_calcule[19]   ; |PiloteBarreFranche|gestion_anemo:vitesse_vent|valeur_calcule[19]   ; regout           ;
; |PiloteBarreFranche|gestion_anemo:vitesse_vent|valeur_calcule[20]   ; |PiloteBarreFranche|gestion_anemo:vitesse_vent|valeur_calcule[20]   ; regout           ;
; |PiloteBarreFranche|gestion_anemo:vitesse_vent|valeur_calcule[21]   ; |PiloteBarreFranche|gestion_anemo:vitesse_vent|valeur_calcule[21]   ; regout           ;
; |PiloteBarreFranche|gestion_anemo:vitesse_vent|valeur_calcule[22]   ; |PiloteBarreFranche|gestion_anemo:vitesse_vent|valeur_calcule[22]   ; regout           ;
; |PiloteBarreFranche|gestion_anemo:vitesse_vent|valeur_calcule[23]   ; |PiloteBarreFranche|gestion_anemo:vitesse_vent|valeur_calcule[23]   ; regout           ;
; |PiloteBarreFranche|gestion_anemo:vitesse_vent|valeur_calcule[24]   ; |PiloteBarreFranche|gestion_anemo:vitesse_vent|valeur_calcule[24]   ; regout           ;
; |PiloteBarreFranche|gestion_anemo:vitesse_vent|valeur_calcule[25]   ; |PiloteBarreFranche|gestion_anemo:vitesse_vent|valeur_calcule[25]   ; regout           ;
; |PiloteBarreFranche|gestion_anemo:vitesse_vent|Add0~32              ; |PiloteBarreFranche|gestion_anemo:vitesse_vent|Add0~33              ; cout             ;
; |PiloteBarreFranche|gestion_anemo:vitesse_vent|Add0~34              ; |PiloteBarreFranche|gestion_anemo:vitesse_vent|Add0~34              ; combout          ;
; |PiloteBarreFranche|gestion_anemo:vitesse_vent|Add0~34              ; |PiloteBarreFranche|gestion_anemo:vitesse_vent|Add0~35              ; cout             ;
; |PiloteBarreFranche|gestion_anemo:vitesse_vent|Add0~36              ; |PiloteBarreFranche|gestion_anemo:vitesse_vent|Add0~36              ; combout          ;
; |PiloteBarreFranche|gestion_anemo:vitesse_vent|Add0~36              ; |PiloteBarreFranche|gestion_anemo:vitesse_vent|Add0~37              ; cout             ;
; |PiloteBarreFranche|gestion_anemo:vitesse_vent|Add0~38              ; |PiloteBarreFranche|gestion_anemo:vitesse_vent|Add0~38              ; combout          ;
; |PiloteBarreFranche|gestion_anemo:vitesse_vent|Add0~38              ; |PiloteBarreFranche|gestion_anemo:vitesse_vent|Add0~39              ; cout             ;
; |PiloteBarreFranche|gestion_anemo:vitesse_vent|Add0~40              ; |PiloteBarreFranche|gestion_anemo:vitesse_vent|Add0~40              ; combout          ;
; |PiloteBarreFranche|gestion_anemo:vitesse_vent|Add0~40              ; |PiloteBarreFranche|gestion_anemo:vitesse_vent|Add0~41              ; cout             ;
; |PiloteBarreFranche|gestion_anemo:vitesse_vent|Add0~42              ; |PiloteBarreFranche|gestion_anemo:vitesse_vent|Add0~42              ; combout          ;
; |PiloteBarreFranche|gestion_anemo:vitesse_vent|Add0~42              ; |PiloteBarreFranche|gestion_anemo:vitesse_vent|Add0~43              ; cout             ;
; |PiloteBarreFranche|gestion_anemo:vitesse_vent|Add0~44              ; |PiloteBarreFranche|gestion_anemo:vitesse_vent|Add0~44              ; combout          ;
; |PiloteBarreFranche|gestion_anemo:vitesse_vent|Add0~44              ; |PiloteBarreFranche|gestion_anemo:vitesse_vent|Add0~45              ; cout             ;
; |PiloteBarreFranche|gestion_anemo:vitesse_vent|Add0~46              ; |PiloteBarreFranche|gestion_anemo:vitesse_vent|Add0~46              ; combout          ;
; |PiloteBarreFranche|gestion_anemo:vitesse_vent|Add0~46              ; |PiloteBarreFranche|gestion_anemo:vitesse_vent|Add0~47              ; cout             ;
; |PiloteBarreFranche|gestion_anemo:vitesse_vent|Add0~48              ; |PiloteBarreFranche|gestion_anemo:vitesse_vent|Add0~48              ; combout          ;
; |PiloteBarreFranche|gestion_anemo:vitesse_vent|Add0~48              ; |PiloteBarreFranche|gestion_anemo:vitesse_vent|Add0~49              ; cout             ;
; |PiloteBarreFranche|gestion_anemo:vitesse_vent|Add0~50              ; |PiloteBarreFranche|gestion_anemo:vitesse_vent|Add0~50              ; combout          ;
; |PiloteBarreFranche|gestion_anemo:vitesse_vent|valeur_precedent[25] ; |PiloteBarreFranche|gestion_anemo:vitesse_vent|valeur_precedent[25] ; regout           ;
; |PiloteBarreFranche|gestion_anemo:vitesse_vent|valeur_present[25]   ; |PiloteBarreFranche|gestion_anemo:vitesse_vent|valeur_present[25]   ; regout           ;
; |PiloteBarreFranche|gestion_anemo:vitesse_vent|valeur_precedent[24] ; |PiloteBarreFranche|gestion_anemo:vitesse_vent|valeur_precedent[24] ; regout           ;
; |PiloteBarreFranche|gestion_anemo:vitesse_vent|valeur_present[24]   ; |PiloteBarreFranche|gestion_anemo:vitesse_vent|valeur_present[24]   ; regout           ;
; |PiloteBarreFranche|gestion_anemo:vitesse_vent|valeur_precedent[23] ; |PiloteBarreFranche|gestion_anemo:vitesse_vent|valeur_precedent[23] ; regout           ;
; |PiloteBarreFranche|gestion_anemo:vitesse_vent|valeur_present[23]   ; |PiloteBarreFranche|gestion_anemo:vitesse_vent|valeur_present[23]   ; regout           ;
; |PiloteBarreFranche|gestion_anemo:vitesse_vent|valeur_precedent[22] ; |PiloteBarreFranche|gestion_anemo:vitesse_vent|valeur_precedent[22] ; regout           ;
; |PiloteBarreFranche|gestion_anemo:vitesse_vent|valeur_present[22]   ; |PiloteBarreFranche|gestion_anemo:vitesse_vent|valeur_present[22]   ; regout           ;
; |PiloteBarreFranche|gestion_anemo:vitesse_vent|valeur_precedent[21] ; |PiloteBarreFranche|gestion_anemo:vitesse_vent|valeur_precedent[21] ; regout           ;
; |PiloteBarreFranche|gestion_anemo:vitesse_vent|valeur_present[21]   ; |PiloteBarreFranche|gestion_anemo:vitesse_vent|valeur_present[21]   ; regout           ;
; |PiloteBarreFranche|gestion_anemo:vitesse_vent|valeur_precedent[20] ; |PiloteBarreFranche|gestion_anemo:vitesse_vent|valeur_precedent[20] ; regout           ;
; |PiloteBarreFranche|gestion_anemo:vitesse_vent|valeur_present[20]   ; |PiloteBarreFranche|gestion_anemo:vitesse_vent|valeur_present[20]   ; regout           ;
; |PiloteBarreFranche|gestion_anemo:vitesse_vent|valeur_precedent[19] ; |PiloteBarreFranche|gestion_anemo:vitesse_vent|valeur_precedent[19] ; regout           ;
; |PiloteBarreFranche|gestion_anemo:vitesse_vent|valeur_present[19]   ; |PiloteBarreFranche|gestion_anemo:vitesse_vent|valeur_present[19]   ; regout           ;
; |PiloteBarreFranche|gestion_anemo:vitesse_vent|valeur_precedent[18] ; |PiloteBarreFranche|gestion_anemo:vitesse_vent|valeur_precedent[18] ; regout           ;
; |PiloteBarreFranche|gestion_anemo:vitesse_vent|valeur_present[18]   ; |PiloteBarreFranche|gestion_anemo:vitesse_vent|valeur_present[18]   ; regout           ;
; |PiloteBarreFranche|gestion_anemo:vitesse_vent|valeur_precedent[17] ; |PiloteBarreFranche|gestion_anemo:vitesse_vent|valeur_precedent[17] ; regout           ;
; |PiloteBarreFranche|gestion_anemo:vitesse_vent|valeur_present[17]   ; |PiloteBarreFranche|gestion_anemo:vitesse_vent|valeur_present[17]   ; regout           ;
; |PiloteBarreFranche|gestion_anemo:vitesse_vent|valeur_precedent[16] ; |PiloteBarreFranche|gestion_anemo:vitesse_vent|valeur_precedent[16] ; regout           ;
; |PiloteBarreFranche|gestion_anemo:vitesse_vent|valeur_present[16]   ; |PiloteBarreFranche|gestion_anemo:vitesse_vent|valeur_present[16]   ; regout           ;
; |PiloteBarreFranche|gestion_anemo:vitesse_vent|valeur_precedent[15] ; |PiloteBarreFranche|gestion_anemo:vitesse_vent|valeur_precedent[15] ; regout           ;
; |PiloteBarreFranche|gestion_anemo:vitesse_vent|valeur_present[15]   ; |PiloteBarreFranche|gestion_anemo:vitesse_vent|valeur_present[15]   ; regout           ;
; |PiloteBarreFranche|gestion_anemo:vitesse_vent|valeur_precedent[0]  ; |PiloteBarreFranche|gestion_anemo:vitesse_vent|valeur_precedent[0]  ; regout           ;
; |PiloteBarreFranche|gestion_anemo:vitesse_vent|Equal0~0             ; |PiloteBarreFranche|gestion_anemo:vitesse_vent|Equal0~0             ; combout          ;
; |PiloteBarreFranche|gestion_anemo:vitesse_vent|Equal0~1             ; |PiloteBarreFranche|gestion_anemo:vitesse_vent|Equal0~1             ; combout          ;
; |PiloteBarreFranche|gestion_anemo:vitesse_vent|Equal0~2             ; |PiloteBarreFranche|gestion_anemo:vitesse_vent|Equal0~2             ; combout          ;
; |PiloteBarreFranche|gestion_anemo:vitesse_vent|Equal0~4             ; |PiloteBarreFranche|gestion_anemo:vitesse_vent|Equal0~4             ; combout          ;
; |PiloteBarreFranche|gestion_anemo:vitesse_vent|valeur_present~27    ; |PiloteBarreFranche|gestion_anemo:vitesse_vent|valeur_present~27    ; combout          ;
; |PiloteBarreFranche|gestion_anemo:vitesse_vent|valeur_present~28    ; |PiloteBarreFranche|gestion_anemo:vitesse_vent|valeur_present~28    ; combout          ;
; |PiloteBarreFranche|gestion_anemo:vitesse_vent|valeur_present~29    ; |PiloteBarreFranche|gestion_anemo:vitesse_vent|valeur_present~29    ; combout          ;
; |PiloteBarreFranche|gestion_anemo:vitesse_vent|valeur_present~30    ; |PiloteBarreFranche|gestion_anemo:vitesse_vent|valeur_present~30    ; combout          ;
; |PiloteBarreFranche|gestion_anemo:vitesse_vent|valeur_present~31    ; |PiloteBarreFranche|gestion_anemo:vitesse_vent|valeur_present~31    ; combout          ;
; |PiloteBarreFranche|gestion_anemo:vitesse_vent|valeur_present~32    ; |PiloteBarreFranche|gestion_anemo:vitesse_vent|valeur_present~32    ; combout          ;
; |PiloteBarreFranche|gestion_anemo:vitesse_vent|valeur_present~33    ; |PiloteBarreFranche|gestion_anemo:vitesse_vent|valeur_present~33    ; combout          ;
; |PiloteBarreFranche|data_anemometre[1]                              ; |PiloteBarreFranche|data_anemometre[1]                              ; padio            ;
; |PiloteBarreFranche|data_anemometre[2]                              ; |PiloteBarreFranche|data_anemometre[2]                              ; padio            ;
; |PiloteBarreFranche|data_anemometre[4]                              ; |PiloteBarreFranche|data_anemometre[4]                              ; padio            ;
; |PiloteBarreFranche|data_anemometre[5]                              ; |PiloteBarreFranche|data_anemometre[5]                              ; padio            ;
; |PiloteBarreFranche|data_anemometre[6]                              ; |PiloteBarreFranche|data_anemometre[6]                              ; padio            ;
; |PiloteBarreFranche|data_anemometre[7]                              ; |PiloteBarreFranche|data_anemometre[7]                              ; padio            ;
; |PiloteBarreFranche|data_anemometre[8]                              ; |PiloteBarreFranche|data_anemometre[8]                              ; padio            ;
; |PiloteBarreFranche|data_anemometre[9]                              ; |PiloteBarreFranche|data_anemometre[9]                              ; padio            ;
; |PiloteBarreFranche|data_anemometre[10]                             ; |PiloteBarreFranche|data_anemometre[10]                             ; padio            ;
; |PiloteBarreFranche|data_anemometre[11]                             ; |PiloteBarreFranche|data_anemometre[11]                             ; padio            ;
; |PiloteBarreFranche|data_anemometre[12]                             ; |PiloteBarreFranche|data_anemometre[12]                             ; padio            ;
; |PiloteBarreFranche|data_anemometre[13]                             ; |PiloteBarreFranche|data_anemometre[13]                             ; padio            ;
; |PiloteBarreFranche|data_anemometre[14]                             ; |PiloteBarreFranche|data_anemometre[14]                             ; padio            ;
; |PiloteBarreFranche|data_anemometre[15]                             ; |PiloteBarreFranche|data_anemometre[15]                             ; padio            ;
; |PiloteBarreFranche|data_anemometre[16]                             ; |PiloteBarreFranche|data_anemometre[16]                             ; padio            ;
; |PiloteBarreFranche|data_anemometre[17]                             ; |PiloteBarreFranche|data_anemometre[17]                             ; padio            ;
; |PiloteBarreFranche|data_anemometre[18]                             ; |PiloteBarreFranche|data_anemometre[18]                             ; padio            ;
; |PiloteBarreFranche|data_anemometre[19]                             ; |PiloteBarreFranche|data_anemometre[19]                             ; padio            ;
; |PiloteBarreFranche|data_anemometre[20]                             ; |PiloteBarreFranche|data_anemometre[20]                             ; padio            ;
; |PiloteBarreFranche|data_anemometre[21]                             ; |PiloteBarreFranche|data_anemometre[21]                             ; padio            ;
; |PiloteBarreFranche|data_anemometre[22]                             ; |PiloteBarreFranche|data_anemometre[22]                             ; padio            ;
; |PiloteBarreFranche|data_anemometre[23]                             ; |PiloteBarreFranche|data_anemometre[23]                             ; padio            ;
; |PiloteBarreFranche|data_anemometre[24]                             ; |PiloteBarreFranche|data_anemometre[24]                             ; padio            ;
; |PiloteBarreFranche|data_anemometre[25]                             ; |PiloteBarreFranche|data_anemometre[25]                             ; padio            ;
+---------------------------------------------------------------------+---------------------------------------------------------------------+------------------+


+---------------------+
; Simulator INI Usage ;
+--------+------------+
; Option ; Usage      ;
+--------+------------+


+--------------------+
; Simulator Messages ;
+--------------------+
Info: *******************************************************************
Info: Running Quartus II Simulator
    Info: Version 9.0 Build 235 06/17/2009 Service Pack 2 SJ Web Edition
    Info: Processing started: Tue Sep 15 11:32:50 2020
Info: Command: quartus_sim --read_settings_files=on --write_settings_files=off PiloteBarreFranche -c PiloteBarreFranche
Info: Using vector source file "C:/Users/Etudiant/Documents/SALAZAR_SANOGO_BINOME7/BEProjet/PiloteBarreFranche.vwf"
Info: Overwriting simulation input file with simulation results
    Info: A backup of PiloteBarreFranche.vwf called PiloteBarreFranche.sim_ori.vwf has been created in the db folder
Warning: Can't find signal in vector source file for input pin "|PiloteBarreFranche|raz_n"
Info: Option to preserve fewer signal transitions to reduce memory requirements is enabled
    Info: Simulation has been partitioned into sub-simulations according to the maximum transition count determined by the engine. Transitions from memory will be flushed out to disk at the end of each sub-simulation to reduce memory requirements.
Info: Simulation partitioned into 1 sub-simulations
Info: Simulation coverage is      70.24 %
Info: Number of transitions in simulation is 2413687
Info: Vector file PiloteBarreFranche.vwf is saved in VWF text format. You can compress it into CVWF format in order to reduce file size. For more details please refer to the Quartus II Help.
Info: Quartus II Simulator was successful. 0 errors, 1 warning
    Info: Peak virtual memory: 160 megabytes
    Info: Processing ended: Tue Sep 15 11:32:54 2020
    Info: Elapsed time: 00:00:04
    Info: Total CPU time (on all processors): 00:00:04


